Copyright 1986-2022 Xilinx, Inc. All Rights Reserved. Copyright 2022-2023 Advanced Micro Devices, Inc. All Rights Reserved.
---------------------------------------------------------------------------------------------------------------------------------------------
| Tool Version : Vivado v.2023.2 (win64) Build 4029153 Fri Oct 13 20:14:34 MDT 2023
| Date         : Wed Apr 24 18:18:13 2024
| Host         : Max_Laptop running 64-bit major release  (build 9200)
| Command      : report_control_sets -verbose -file pong_control_sets_placed.rpt
| Design       : pong
| Device       : xc7a35t
---------------------------------------------------------------------------------------------------------------------------------------------

Control Set Information

Table of Contents
-----------------
1. Summary
2. Histogram
3. Flip-Flop Distribution
4. Detailed Control Set Information

1. Summary
----------

+----------------------------------------------------------+-------+
|                          Status                          | Count |
+----------------------------------------------------------+-------+
| Total control sets                                       |    24 |
|    Minimum number of control sets                        |    24 |
|    Addition due to synthesis replication                 |     0 |
|    Addition due to physical synthesis replication        |     0 |
| Unused register locations in slices containing registers |    95 |
+----------------------------------------------------------+-------+
* Control sets can be merged at opt_design using control_set_merge or merge_equivalent_drivers
** Run report_qor_suggestions for automated merging and remapping suggestions


2. Histogram
------------

+--------------------+-------+
|       Fanout       | Count |
+--------------------+-------+
| Total control sets |    24 |
| >= 0 to < 4        |     7 |
| >= 4 to < 6        |     5 |
| >= 6 to < 8        |     0 |
| >= 8 to < 10       |     1 |
| >= 10 to < 12      |     3 |
| >= 12 to < 14      |     1 |
| >= 14 to < 16      |     0 |
| >= 16              |     7 |
+--------------------+-------+
* Control sets can be remapped at either synth_design or opt_design


3. Flip-Flop Distribution
-------------------------

+--------------+-----------------------+------------------------+-----------------+--------------+
| Clock Enable | Synchronous Set/Reset | Asynchronous Set/Reset | Total Registers | Total Slices |
+--------------+-----------------------+------------------------+-----------------+--------------+
| No           | No                    | No                     |               5 |            4 |
| No           | No                    | Yes                    |              64 |           23 |
| No           | Yes                   | No                     |               0 |            0 |
| Yes          | No                    | No                     |               0 |            0 |
| Yes          | No                    | Yes                    |             244 |           74 |
| Yes          | Yes                   | No                     |               0 |            0 |
+--------------+-----------------------+------------------------+-----------------+--------------+


4. Detailed Control Set Information
-----------------------------------

+---------------------------+-----------------------------------------------------+------------------+------------------+----------------+--------------+
|        Clock Signal       |                    Enable Signal                    | Set/Reset Signal | Slice Load Count | Bel Load Count | Bels / Slice |
+---------------------------+-----------------------------------------------------+------------------+------------------+----------------+--------------+
|  A1/frame                 |                                                     |                  |                1 |              1 |         1.00 |
|  CLK_IBUF_BUFG            | K0/ps2_keyboard_0/D0/O_i_1__0_n_0                   | RE0/reset_g      |                1 |              1 |         1.00 |
|  CLK_IBUF_BUFG            | K0/ps2_keyboard_0/D1/O_i_1_n_0                      | RE0/reset_g      |                1 |              1 |         1.00 |
|  CLK_IBUF_BUFG            | K0/ps2_keyboard_0/D0/load                           | RE0/reset_g      |                1 |              1 |         1.00 |
|  CLK_IBUF_BUFG            | K0/ps2_keyboard_0/D1/Iv_i_1__0_n_0                  | RE0/reset_g      |                1 |              1 |         1.00 |
|  CLK_IBUF_BUFG            |                                                     | RST_IBUF         |                1 |              2 |         2.00 |
|  balle_clk_s_BUFG         |                                                     | RE0/reset_g      |                1 |              2 |         2.00 |
|  CLK_IBUF_BUFG            |                                                     |                  |                3 |              4 |         1.33 |
|  CLK_IBUF_BUFG            | K0/ps2_keyboard_0/D0/count[3]_i_1_n_0               | RE0/reset_g      |                2 |              4 |         2.00 |
|  CLK_IBUF_BUFG            | K0/ps2_keyboard_0/C0/FSM_sequential_state_reg[0][0] | RE0/reset_g      |                1 |              4 |         4.00 |
|  CLK_IBUF_BUFG            | K0/ps2_keyboard_0/C0/temp_ps2_code_reg[4]_0[0]      | RE0/reset_g      |                1 |              4 |         4.00 |
|  CLK_IBUF_BUFG            | K0/ps2_keyboard_0/D1/count[4]_i_1_n_0               | RE0/reset_g      |                2 |              5 |         2.50 |
|  CLK_IBUF_BUFG            | K0/ps2_keyboard_0/R0/E[0]                           | RE0/reset_g      |                4 |              8 |         2.00 |
|  A0/PIXEL_CLK             |                                                     | RST_IBUF         |                4 |             10 |         2.50 |
|  A0/PIXEL_CLK             | A1/countY[9]_i_1_n_0                                | RST_IBUF         |                3 |             10 |         3.33 |
| ~K0/ps2_keyboard_0/D0/O_0 |                                                     | RE0/reset_g      |                3 |             11 |         3.67 |
|  CLK_IBUF_BUFG            | K0/ps2_keyboard_0/C0/count_idle[0]_i_1_n_0          | RE0/reset_g      |                4 |             13 |         3.25 |
|  CLK_IBUF_BUFG            |                                                     | RE0/reset_g      |                8 |             18 |         2.25 |
|  A1/frame                 |                                                     | RE0/reset_g      |                6 |             21 |         3.50 |
|  RAQUETTE_CLK_BUFG        | K0/yRaquetteD                                       | RE0/reset_g      |                8 |             32 |         4.00 |
|  RAQUETTE_CLK_BUFG        | K0/yRaquetteG                                       | RE0/reset_g      |                8 |             32 |         4.00 |
|  balle_clk_s_BUFG         | B2/VyBalle                                          | RE0/reset_g      |               17 |             32 |         1.88 |
|  balle_clk_s_BUFG         | B2/VxBalle                                          | RE0/reset_g      |                6 |             32 |         5.33 |
|  balle_clk_s_BUFG         | B1/E[0]                                             | RE0/reset_g      |               14 |             64 |         4.57 |
+---------------------------+-----------------------------------------------------+------------------+------------------+----------------+--------------+


